2026-08-14 00:03:39,481 [INFO] Source folder: D:\Programming\Personal_projects_D\PUSH_TO_GITHUB
2026-08-14 00:03:39,481 [INFO] Temp log: C:\Users\MORDEK~1\AppData\Local\Temp\push_to_github_20260814_000339.log
2026-08-14 00:03:39,481 [DEBUG] Running: git --version
2026-08-14 00:03:39,651 [DEBUG] stdout: git version 2.55.0.windows.2
2026-08-14 00:03:39,651 [DEBUG] stderr: 
2026-08-14 00:03:39,651 [INFO] Existing git repository detected.
2026-08-14 00:03:39,652 [DEBUG] Running: git remote -v
2026-08-14 00:03:39,818 [DEBUG] stdout: origin	https://github.com/MoRDekai1364/Push_to_Github.git (fetch)
origin	https://github.com/MoRDekai1364/Push_to_Github.git (push)
2026-08-14 00:03:39,818 [DEBUG] stderr: 
2026-08-14 00:03:39,819 [INFO] Detected remotes:
2026-08-14 00:03:39,819 [INFO]   1. origin -> https://github.com/MoRDekai1364/Push_to_Github.git
2026-08-14 00:03:39,819 [INFO]   2. Enter a new repository URL
2026-08-14 00:03:40,733 [INFO] Verifying repository access.
2026-08-14 00:03:40,733 [DEBUG] Running: git ls-remote https://github.com/MoRDekai1364/Push_to_Github.git
2026-08-14 00:03:41,582 [DEBUG] stdout: 8834e4d571288d77acfb55cc5d819f94509f59ff	HEAD
8834e4d571288d77acfb55cc5d819f94509f59ff	refs/heads/main
2026-08-14 00:03:41,582 [DEBUG] stderr: 
2026-08-14 00:03:41,582 [DEBUG] Running: git branch --list
2026-08-14 00:03:41,746 [DEBUG] stdout: * main
2026-08-14 00:03:41,747 [DEBUG] stderr: 
2026-08-14 00:03:41,747 [DEBUG] Running: git ls-remote --heads origin
2026-08-14 00:03:42,605 [DEBUG] stdout: 8834e4d571288d77acfb55cc5d819f94509f59ff	refs/heads/main
2026-08-14 00:03:42,606 [DEBUG] stderr: 
2026-08-14 00:03:42,606 [INFO] Detected branches:
2026-08-14 00:03:42,606 [INFO]   1. main
2026-08-14 00:03:42,606 [INFO]   2. Enter a new branch name
2026-08-14 00:03:43,430 [DEBUG] Running: git branch --list
2026-08-14 00:03:43,589 [DEBUG] stdout: * main
2026-08-14 00:03:43,589 [DEBUG] stderr: 
2026-08-14 00:03:43,589 [DEBUG] Running: git checkout main
2026-08-14 00:03:43,769 [DEBUG] stdout: M	push_to_github.py
Your branch is up to date with 'origin/main'.
2026-08-14 00:03:43,769 [DEBUG] stderr: Already on 'main'
2026-08-14 00:03:44,753 [INFO] No commit message entered — using: (this is automated commit message) 2026-08-14 00:03:44
2026-08-14 00:03:44,754 [DEBUG] Running: git add -A
2026-08-14 00:03:44,926 [DEBUG] stdout: 
2026-08-14 00:03:44,926 [DEBUG] stderr: warning: in the working copy of 'push_to_github.py', LF will be replaced by CRLF the next time Git touches it
2026-08-14 00:03:44,926 [DEBUG] Running: git status --porcelain
2026-08-14 00:03:45,092 [DEBUG] stdout: A  logs/push_to_github_20260814_000208.log
M  push_to_github.py
2026-08-14 00:03:45,092 [DEBUG] stderr: 
2026-08-14 00:03:45,092 [DEBUG] Running: git commit -m (this is automated commit message) 2026-08-14 00:03:44
2026-08-14 00:03:45,387 [DEBUG] stdout: [main 3b3351a] (this is automated commit message) 2026-08-14 00:03:44
 2 files changed, 105 insertions(+), 1 deletion(-)
 create mode 100644 logs/push_to_github_20260814_000208.log
2026-08-14 00:03:45,387 [DEBUG] stderr: 
2026-08-14 00:03:45,387 [INFO] Checking for remote changes before pushing.
2026-08-14 00:03:45,387 [DEBUG] Running: git fetch origin
2026-08-14 00:03:46,462 [DEBUG] stdout: 
2026-08-14 00:03:46,462 [DEBUG] stderr: 
2026-08-14 00:03:46,462 [DEBUG] Running: git rev-parse --verify --quiet origin/main
2026-08-14 00:03:46,620 [DEBUG] stdout: 8834e4d571288d77acfb55cc5d819f94509f59ff
2026-08-14 00:03:46,621 [DEBUG] stderr: 
2026-08-14 00:03:46,621 [DEBUG] Running: git rev-parse main
2026-08-14 00:03:46,784 [DEBUG] stdout: 3b3351ae5a505085894c68d0049fc7426d5a9cf7
2026-08-14 00:03:46,784 [DEBUG] stderr: 
2026-08-14 00:03:46,784 [DEBUG] Running: git rev-parse origin/main
2026-08-14 00:03:46,942 [DEBUG] stdout: 8834e4d571288d77acfb55cc5d819f94509f59ff
2026-08-14 00:03:46,942 [DEBUG] stderr: 
2026-08-14 00:03:46,942 [DEBUG] Running: git rev-list --count main..origin/main
2026-08-14 00:03:47,111 [DEBUG] stdout: 0
2026-08-14 00:03:47,111 [DEBUG] stderr: 
2026-08-14 00:03:47,112 [DEBUG] Running: git push -u origin main --progress
2026-08-14 00:03:49,668 [DEBUG] Enumerating objects: 8, done.
2026-08-14 00:03:49,669 [DEBUG] Counting objects:  12% (1/8)
2026-08-14 00:03:49,669 [DEBUG] Counting objects:  25% (2/8)
2026-08-14 00:03:49,669 [DEBUG] Counting objects:  37% (3/8)
2026-08-14 00:03:49,670 [DEBUG] Counting objects:  50% (4/8)
2026-08-14 00:03:49,670 [DEBUG] Counting objects:  62% (5/8)
2026-08-14 00:03:49,670 [DEBUG] Counting objects:  75% (6/8)
2026-08-14 00:03:49,671 [DEBUG] Counting objects:  87% (7/8)
2026-08-14 00:03:49,671 [DEBUG] Counting objects: 100% (8/8)
2026-08-14 00:03:49,671 [DEBUG] Counting objects: 100% (8/8), done.
2026-08-14 00:03:49,672 [DEBUG] Delta compression using up to 16 threads
2026-08-14 00:03:49,672 [DEBUG] Compressing objects:  20% (1/5)
2026-08-14 00:03:49,673 [DEBUG] Compressing objects:  40% (2/5)
2026-08-14 00:03:49,673 [DEBUG] Compressing objects:  60% (3/5)
2026-08-14 00:03:49,674 [DEBUG] Compressing objects:  80% (4/5)
2026-08-14 00:03:49,674 [DEBUG] Compressing objects: 100% (5/5)
2026-08-14 00:03:49,674 [DEBUG] Compressing objects: 100% (5/5), done.
2026-08-14 00:03:49,676 [DEBUG] Writing objects:  20% (1/5)
2026-08-14 00:03:49,676 [DEBUG] Writing objects:  40% (2/5)
2026-08-14 00:03:49,676 [DEBUG] Writing objects:  60% (3/5)
2026-08-14 00:03:49,677 [DEBUG] Writing objects:  80% (4/5)
2026-08-14 00:03:49,677 [DEBUG] Writing objects: 100% (5/5)
2026-08-14 00:03:49,677 [DEBUG] Writing objects: 100% (5/5), 2.02 KiB | 1.01 MiB/s, done.
2026-08-14 00:03:49,677 [DEBUG] Total 5 (delta 2), reused 0 (delta 0), pack-reused 0 (from 0)
2026-08-14 00:03:50,671 [DEBUG] remote: Resolving deltas:   0% (0/2)
2026-08-14 00:03:50,672 [DEBUG] remote: Resolving deltas:  50% (1/2)
2026-08-14 00:03:50,672 [DEBUG] remote: Resolving deltas: 100% (2/2)
2026-08-14 00:03:50,672 [DEBUG] remote: Resolving deltas: 100% (2/2), completed with 2 local objects.
2026-08-14 00:03:50,681 [DEBUG] To https://github.com/MoRDekai1364/Push_to_Github.git
2026-08-14 00:03:50,681 [DEBUG] 8834e4d..3b3351a  main -> main
2026-08-14 00:03:50,716 [DEBUG] branch 'main' set up to track 'origin/main'.
2026-08-14 00:03:50,729 [INFO] Push finished in 3.6s. Done.
