2026-09-09 09:52:48,942 [INFO] Source folder: D:\Programming\Personal_projects_D\PUSH_TO_GITHUB
2026-09-09 09:52:48,943 [INFO] Temp log: C:\Users\MORDEK~1\AppData\Local\Temp\push_to_github_20260909_095248.log
2026-09-09 09:52:48,943 [DEBUG] Running: git --version
2026-09-09 09:52:49,033 [DEBUG] stdout: git version 2.55.0.windows.2
2026-09-09 09:52:49,033 [DEBUG] stderr: 
2026-09-09 09:52:49,034 [INFO] Existing git repository detected.
2026-09-09 09:52:49,034 [DEBUG] Running: git remote -v
2026-09-09 09:52:49,127 [DEBUG] stdout: origin	https://github.com/MoRDekai1364/Push_to_Github.git (fetch)
origin	https://github.com/MoRDekai1364/Push_to_Github.git (push)
2026-09-09 09:52:49,127 [DEBUG] stderr: 
2026-09-09 09:52:49,128 [INFO] Detected remotes:
2026-09-09 09:52:49,128 [INFO]   1. origin -> https://github.com/MoRDekai1364/Push_to_Github.git
2026-09-09 09:52:49,128 [INFO]   2. Enter a new repository URL
2026-09-09 09:52:50,495 [INFO] Verifying repository access.
2026-09-09 09:52:50,496 [DEBUG] Running: git ls-remote https://github.com/MoRDekai1364/Push_to_Github.git
2026-09-09 09:52:51,473 [DEBUG] stdout: b816c8c8855de2fbe41c0f8f8a2f31272a3b939a	HEAD
b816c8c8855de2fbe41c0f8f8a2f31272a3b939a	refs/heads/main
2026-09-09 09:52:51,473 [DEBUG] stderr: 
2026-09-09 09:52:51,473 [DEBUG] Running: git branch --list
2026-09-09 09:52:51,582 [DEBUG] stdout: * main
2026-09-09 09:52:51,582 [DEBUG] stderr: 
2026-09-09 09:52:51,582 [DEBUG] Running: git ls-remote --heads origin
2026-09-09 09:52:52,528 [DEBUG] stdout: b816c8c8855de2fbe41c0f8f8a2f31272a3b939a	refs/heads/main
2026-09-09 09:52:52,528 [DEBUG] stderr: 
2026-09-09 09:52:52,528 [INFO] Detected branches:
2026-09-09 09:52:52,528 [INFO]   1. main
2026-09-09 09:52:52,529 [INFO]   2. Enter a new branch name
2026-09-09 09:52:53,465 [DEBUG] Running: git status --porcelain
2026-09-09 09:52:53,578 [DEBUG] stdout: M push_to_github.py
?? logs/push_to_github_20260905_221941.log
2026-09-09 09:52:53,579 [DEBUG] stderr: 
2026-09-09 09:52:53,579 [DEBUG] Running: git status --porcelain
2026-09-09 09:52:53,685 [DEBUG] stdout: M push_to_github.py
?? logs/push_to_github_20260905_221941.log
2026-09-09 09:52:53,685 [DEBUG] stderr: 
2026-09-09 09:52:53,685 [DEBUG] Running: git rev-parse HEAD
2026-09-09 09:52:53,778 [DEBUG] stdout: b816c8c8855de2fbe41c0f8f8a2f31272a3b939a
2026-09-09 09:52:53,778 [DEBUG] stderr: 
2026-09-09 09:52:53,778 [DEBUG] Running: git stash
2026-09-09 09:52:54,049 [DEBUG] stdout: Saved working directory and index state WIP on main: b816c8c (this is automated commit message) 2026-09-05 22:19:47
2026-09-09 09:52:54,050 [DEBUG] stderr: 
2026-09-09 09:52:54,050 [DEBUG] Running: git branch --list
2026-09-09 09:52:54,149 [DEBUG] stdout: * main
2026-09-09 09:52:54,149 [DEBUG] stderr: 
2026-09-09 09:52:54,149 [DEBUG] Running: git checkout main
2026-09-09 09:52:54,262 [DEBUG] stdout: Your branch is up to date with 'origin/main'.
2026-09-09 09:52:54,262 [DEBUG] stderr: Already on 'main'
2026-09-09 09:52:54,262 [DEBUG] Running: git stash pop
2026-09-09 09:52:54,460 [DEBUG] stdout: On branch main
Your branch is up to date with 'origin/main'.

Changes not staged for commit:
  (use "git add <file>..." to update what will be committed)
  (use "git restore <file>..." to discard changes in working directory)
	modified:   push_to_github.py

Untracked files:
  (use "git add <file>..." to include in what will be committed)
	logs/push_to_github_20260905_221941.log

no changes added to commit (use "git add" and/or "git commit -a")
Dropped refs/stash@{0} (b369e736e845b5204dae5cb6839a2e33479c389f)
2026-09-09 09:52:54,460 [DEBUG] stderr: 
2026-09-09 09:53:00,388 [DEBUG] Running: git add -A
2026-09-09 09:53:00,499 [DEBUG] stdout: 
2026-09-09 09:53:00,499 [DEBUG] stderr: 
2026-09-09 09:53:00,499 [DEBUG] Running: git status --porcelain
2026-09-09 09:53:00,597 [DEBUG] stdout: A  logs/push_to_github_20260905_221941.log
M  push_to_github.py
2026-09-09 09:53:00,598 [DEBUG] stderr: 
2026-09-09 09:53:00,598 [DEBUG] Running: git commit -m added new  error handling case
2026-09-09 09:53:00,791 [DEBUG] stdout: [main 5a7c20d] added new  error handling case
 2 files changed, 151 insertions(+), 5 deletions(-)
 create mode 100644 logs/push_to_github_20260905_221941.log
2026-09-09 09:53:00,791 [DEBUG] stderr: 
2026-09-09 09:53:00,791 [INFO] Checking for remote changes before pushing.
2026-09-09 09:53:00,791 [DEBUG] Running: git fetch origin
2026-09-09 09:53:01,938 [DEBUG] stdout: 
2026-09-09 09:53:01,938 [DEBUG] stderr: 
2026-09-09 09:53:01,939 [DEBUG] Running: git rev-parse --verify --quiet origin/main
2026-09-09 09:53:02,040 [DEBUG] stdout: b816c8c8855de2fbe41c0f8f8a2f31272a3b939a
2026-09-09 09:53:02,040 [DEBUG] stderr: 
2026-09-09 09:53:02,040 [DEBUG] Running: git rev-parse main
2026-09-09 09:53:02,138 [DEBUG] stdout: 5a7c20d35d27f34a14c998ba059374e7695e96b4
2026-09-09 09:53:02,138 [DEBUG] stderr: 
2026-09-09 09:53:02,138 [DEBUG] Running: git rev-parse origin/main
2026-09-09 09:53:02,231 [DEBUG] stdout: b816c8c8855de2fbe41c0f8f8a2f31272a3b939a
2026-09-09 09:53:02,231 [DEBUG] stderr: 
2026-09-09 09:53:02,231 [DEBUG] Running: git rev-list --count main..origin/main
2026-09-09 09:53:02,324 [DEBUG] stdout: 0
2026-09-09 09:53:02,324 [DEBUG] stderr: 
2026-09-09 09:53:02,324 [DEBUG] Running: git push -u origin main --progress
2026-09-09 09:53:04,735 [DEBUG] Enumerating objects: 8, done.
2026-09-09 09:53:04,736 [DEBUG] Counting objects:  12% (1/8)
2026-09-09 09:53:04,737 [DEBUG] Counting objects:  25% (2/8)
2026-09-09 09:53:04,737 [DEBUG] Counting objects:  37% (3/8)
2026-09-09 09:53:04,737 [DEBUG] Counting objects:  50% (4/8)
2026-09-09 09:53:04,738 [DEBUG] Counting objects:  62% (5/8)
2026-09-09 09:53:04,738 [DEBUG] Counting objects:  75% (6/8)
2026-09-09 09:53:04,738 [DEBUG] Counting objects:  87% (7/8)
2026-09-09 09:53:04,738 [DEBUG] Counting objects: 100% (8/8)
2026-09-09 09:53:04,738 [DEBUG] Counting objects: 100% (8/8), done.
2026-09-09 09:53:04,738 [DEBUG] Delta compression using up to 16 threads
2026-09-09 09:53:04,739 [DEBUG] Compressing objects:  20% (1/5)
2026-09-09 09:53:04,739 [DEBUG] Compressing objects:  40% (2/5)
2026-09-09 09:53:04,740 [DEBUG] Compressing objects:  60% (3/5)
2026-09-09 09:53:04,741 [DEBUG] Compressing objects:  80% (4/5)
2026-09-09 09:53:04,741 [DEBUG] Compressing objects: 100% (5/5)
2026-09-09 09:53:04,741 [DEBUG] Compressing objects: 100% (5/5), done.
2026-09-09 09:53:04,743 [DEBUG] Writing objects:  20% (1/5)
2026-09-09 09:53:04,743 [DEBUG] Writing objects:  40% (2/5)
2026-09-09 09:53:04,743 [DEBUG] Writing objects:  60% (3/5)
2026-09-09 09:53:04,744 [DEBUG] Writing objects:  80% (4/5)
2026-09-09 09:53:04,744 [DEBUG] Writing objects: 100% (5/5)
2026-09-09 09:53:04,745 [DEBUG] Writing objects: 100% (5/5), 2.76 KiB | 941.00 KiB/s, done.
2026-09-09 09:53:04,745 [DEBUG] Total 5 (delta 2), reused 0 (delta 0), pack-reused 0 (from 0)
2026-09-09 09:53:05,823 [DEBUG] remote: Resolving deltas:   0% (0/2)
2026-09-09 09:53:05,823 [DEBUG] remote: Resolving deltas:  50% (1/2)
2026-09-09 09:53:05,823 [DEBUG] remote: Resolving deltas: 100% (2/2)
2026-09-09 09:53:05,825 [DEBUG] remote: Resolving deltas: 100% (2/2), completed with 2 local objects.
2026-09-09 09:53:05,839 [DEBUG] To https://github.com/MoRDekai1364/Push_to_Github.git
2026-09-09 09:53:05,839 [DEBUG] b816c8c..5a7c20d  main -> main
2026-09-09 09:53:05,873 [DEBUG] branch 'main' set up to track 'origin/main'.
2026-09-09 09:53:05,882 [INFO] Push finished in 3.6s. Done.
