2026-08-10 10:25:10,517 [INFO] Source folder: D:\Programming\Personal_projects_D\PUSH_TO_GITHUB
2026-08-10 10:25:10,517 [INFO] Temp log: C:\Users\MORDEK~1\AppData\Local\Temp\push_to_github_20260810_102510.log
2026-08-10 10:25:10,518 [DEBUG] Running: git --version
2026-08-10 10:25:10,694 [DEBUG] stdout: git version 2.55.0.windows.2
2026-08-10 10:25:10,694 [DEBUG] stderr: 
2026-08-10 10:25:10,694 [INFO] No git repository found in this folder. Initializing.
2026-08-10 10:25:10,694 [DEBUG] Running: git init
2026-08-10 10:25:10,856 [DEBUG] stdout: Initialized empty Git repository in D:/Programming/Personal_projects_D/PUSH_TO_GITHUB/.git/
2026-08-10 10:25:10,856 [DEBUG] stderr: 
2026-08-10 10:25:10,857 [DEBUG] Running: git checkout -b main
2026-08-10 10:25:10,967 [DEBUG] stdout: 
2026-08-10 10:25:10,967 [DEBUG] stderr: Switched to a new branch 'main'
2026-08-10 10:25:10,967 [DEBUG] Running: git remote -v
2026-08-10 10:25:11,100 [DEBUG] stdout: 
2026-08-10 10:25:11,100 [DEBUG] stderr: 
2026-08-10 10:25:15,613 [INFO] Verifying repository access.
2026-08-10 10:25:15,614 [DEBUG] Running: git ls-remote https://github.com/MoRDekai1364/Push_to_Github.git
2026-08-10 10:25:16,689 [DEBUG] stdout: 
2026-08-10 10:25:16,690 [DEBUG] stderr: 
2026-08-10 10:25:16,690 [DEBUG] Running: git remote add origin https://github.com/MoRDekai1364/Push_to_Github.git
2026-08-10 10:25:16,810 [DEBUG] stdout: 
2026-08-10 10:25:16,810 [DEBUG] stderr: 
2026-08-10 10:25:16,810 [DEBUG] Running: git branch --list
2026-08-10 10:25:16,913 [DEBUG] stdout: 
2026-08-10 10:25:16,914 [DEBUG] stderr: 
2026-08-10 10:25:16,914 [DEBUG] Running: git ls-remote --heads origin
2026-08-10 10:25:17,678 [DEBUG] stdout: 
2026-08-10 10:25:17,678 [DEBUG] stderr: 
2026-08-10 10:25:20,033 [DEBUG] Running: git check-ref-format --branch main
2026-08-10 10:25:20,233 [DEBUG] stdout: main
2026-08-10 10:25:20,233 [DEBUG] stderr: 
2026-08-10 10:25:22,175 [DEBUG] Running: git branch --list
2026-08-10 10:25:22,310 [DEBUG] stdout: 
2026-08-10 10:25:22,310 [DEBUG] stderr: 
2026-08-10 10:25:22,310 [DEBUG] Running: git checkout -b main
2026-08-10 10:25:22,438 [DEBUG] stdout: 
2026-08-10 10:25:22,438 [DEBUG] stderr: Switched to a new branch 'main'
2026-08-10 10:25:29,294 [DEBUG] Running: git add -A
2026-08-10 10:25:29,483 [DEBUG] stdout: 
2026-08-10 10:25:29,483 [DEBUG] stderr: warning: in the working copy of 'push_to_github.py', LF will be replaced by CRLF the next time Git touches it
2026-08-10 10:25:29,483 [DEBUG] Running: git status --porcelain
2026-08-10 10:25:29,680 [DEBUG] stdout: A  push_to_github.py
2026-08-10 10:25:29,680 [DEBUG] stderr: 
2026-08-10 10:25:29,680 [DEBUG] Running: git commit -m first upload
2026-08-10 10:25:29,984 [DEBUG] stdout: [main (root-commit) 4d5d4b4] first upload
 1 file changed, 245 insertions(+)
 create mode 100644 push_to_github.py
2026-08-10 10:25:29,984 [DEBUG] stderr: 
2026-08-10 10:25:29,984 [DEBUG] Running: git push -u origin main --progress
2026-08-10 10:25:33,332 [DEBUG] Enumerating objects: 3, done.
2026-08-10 10:25:33,333 [DEBUG] Counting objects:  33% (1/3)
2026-08-10 10:25:33,334 [DEBUG] Counting objects:  66% (2/3)
2026-08-10 10:25:33,335 [DEBUG] Counting objects: 100% (3/3)
2026-08-10 10:25:33,335 [DEBUG] Counting objects: 100% (3/3), done.
2026-08-10 10:25:33,335 [DEBUG] Delta compression using up to 16 threads
2026-08-10 10:25:33,335 [DEBUG] Compressing objects:  50% (1/2)
2026-08-10 10:25:33,335 [DEBUG] Compressing objects: 100% (2/2)
2026-08-10 10:25:33,335 [DEBUG] Compressing objects: 100% (2/2), done.
2026-08-10 10:25:33,336 [DEBUG] Writing objects:  33% (1/3)
2026-08-10 10:25:33,336 [DEBUG] Writing objects:  66% (2/3)
2026-08-10 10:25:33,337 [DEBUG] Writing objects: 100% (3/3)
2026-08-10 10:25:33,337 [DEBUG] Writing objects: 100% (3/3), 2.90 KiB | 1.45 MiB/s, done.
2026-08-10 10:25:33,337 [DEBUG] Total 3 (delta 0), reused 0 (delta 0), pack-reused 0 (from 0)
2026-08-10 10:25:34,247 [DEBUG] To https://github.com/MoRDekai1364/Push_to_Github.git
2026-08-10 10:25:34,247 [DEBUG] * [new branch]      main -> main
2026-08-10 10:25:34,277 [DEBUG] branch 'main' set up to track 'origin/main'.
2026-08-10 10:25:34,289 [INFO] Push finished in 4.3s. Done.
2026-08-10 10:25:34,291 [INFO] Push complete. Remote: https://github.com/MoRDekai1364/Push_to_Github.git Branch: main Committed: True
